#
# There is insufficient memory for the Java Runtime Environment to continue.
# Native memory allocation (malloc) failed to allocate 1048576 bytes. Error detail: AllocateHeap
# Possible reasons:
#   The system is out of physical RAM or swap space
#   This process is running with CompressedOops enabled, and the Java Heap may be blocking the growth of the native heap
# Possible solutions:
#   Reduce memory load on the system
#   Increase physical memory or swap space
#   Check if swap backing store is full
#   Decrease Java heap size (-Xmx/-Xms)
#   Decrease number of Java threads
#   Decrease Java thread stack sizes (-Xss)
#   Set larger code cache with -XX:ReservedCodeCacheSize=
#   JVM is running with Unscaled Compressed Oops mode in which the Java heap is
#     placed in the first 4GB address space. The Java Heap base address is the
#     maximum limit for the native heap growth. Please use -XX:HeapBaseMinAddress
#     to set the Java Heap base and to place the Java Heap above 4GB virtual address.
# This output file may be truncated or incomplete.
#
#  Out of Memory Error (allocation.cpp:44), pid=20488, tid=8516
#
# JRE version: OpenJDK Runtime Environment Temurin-21.0.8+9 (21.0.8+9) (build 21.0.8+9-LTS)
# Java VM: OpenJDK 64-Bit Server VM Temurin-21.0.8+9 (21.0.8+9-LTS, mixed mode, sharing, tiered, compressed oops, compressed class ptrs, parallel gc, windows-amd64)
# No core dump will be written. Minidumps are not enabled by default on client versions of Windows
#

---------------  S U M M A R Y ------------

Command Line: --add-modules=ALL-SYSTEM --add-opens=java.base/java.util=ALL-UNNAMED --add-opens=java.base/java.lang=ALL-UNNAMED --add-opens=java.base/sun.nio.fs=ALL-UNNAMED -Declipse.application=org.eclipse.jdt.ls.core.id1 -Dosgi.bundles.defaultStartLevel=4 -Declipse.product=org.eclipse.jdt.ls.core.product -Djava.import.generatesMetadataFilesAtProjectRoot=false -DDetectVMInstallationsJob.disabled=true -Dfile.encoding=utf8 -XX:+UseParallelGC -XX:GCTimeRatio=4 -XX:AdaptiveSizePolicyWeight=90 -Dsun.zip.disableMemoryMapping=true -Xmx2G -Xms100m -Xlog:disable -javaagent:c:\Users\User\.vscode\extensions\redhat.java-1.46.0-win32-x64\lombok\lombok-1.18.39-4050.jar -XX:+HeapDumpOnOutOfMemoryError -XX:HeapDumpPath=c:\Users\User\AppData\Roaming\Code\User\workspaceStorage\fc338623b24cce15f90670b41f9de50b\redhat.java -Daether.dependencyCollector.impl=bf c:\Users\User\.vscode\extensions\redhat.java-1.46.0-win32-x64\server\plugins\org.eclipse.equinox.launcher_1.7.0.v20250519-0528.jar -configuration c:\Users\User\AppData\Roaming\Code\User\globalStorage\redhat.java\1.46.0\config_win -data c:\Users\User\AppData\Roaming\Code\User\workspaceStorage\fc338623b24cce15f90670b41f9de50b\redhat.java\jdt_ws --pipe=\\.\pipe\lsp-a8e3a328ddc99b67e01a20a6ee4360e0-sock

Host: 11th Gen Intel(R) Core(TM) i7-1165G7 @ 2.80GHz, 8 cores, 15G,  Windows 11 , 64 bit Build 26100 (10.0.26100.6725)
Time: Tue Oct 28 19:09:28 2025 Sri Lanka Standard Time elapsed time: 26715.271265 seconds (0d 7h 25m 15s)

---------------  T H R E A D  ---------------

Current thread (0x000002dff2e83e50):  JavaThread "Attach Listener" daemon [_thread_in_vm, id=8516, stack(0x000000f9b2900000,0x000000f9b2a00000) (1024K)]

Stack: [0x000000f9b2900000,0x000000f9b2a00000]
Native frames: (J=compiled Java code, j=interpreted, Vv=VM code, C=native code)
V  [jvm.dll+0x6d2449]
V  [jvm.dll+0x8ae341]
V  [jvm.dll+0x8b08be]
V  [jvm.dll+0x8b0fa3]
V  [jvm.dll+0x280c96]
V  [jvm.dll+0xc0347]
V  [jvm.dll+0x6d2cf9]
V  [jvm.dll+0x131116]
V  [jvm.dll+0x3f2d16]
V  [jvm.dll+0x857e6b]
V  [jvm.dll+0x6d0b0d]
C  [ucrtbase.dll+0x37b0]
C  [KERNEL32.DLL+0x2e8d7]
C  [ntdll.dll+0x8c53c]


---------------  P R O C E S S  ---------------

Threads class SMR info:
_java_thread_list=0x000002dff9c99d50, length=35, elements={
0x000002dfda079e30, 0x000002dff2e79390, 0x000002dfdc4ad7b0, 0x000002dff2e7ef50,
0x000002dff2e83e50, 0x000002dff2e85f40, 0x000002dff2e8d150, 0x000002dff4714f70,
0x000002dff47189c0, 0x000002dfdc488900, 0x000002dff4a4e060, 0x000002dff95fb7f0,
0x000002dff9b9eeb0, 0x000002dff9b81e10, 0x000002dff9b82470, 0x000002dffa111f00,
0x000002dff9a83e90, 0x000002dff9f0bbb0, 0x000002dff9efb2d0, 0x000002dffa135c70,
0x000002dffa132e80, 0x000002dffa134f50, 0x000002dffa133ba0, 0x000002dffb1be310,
0x000002dffb1c0a70, 0x000002dffb1bd5f0, 0x000002dffb1be9a0, 0x000002dffb1bdc80,
0x000002dffb1bf6c0, 0x000002dffb1c03e0, 0x000002dffb1bf030, 0x000002dffb1bfd50,
0x000002dffa73d370, 0x000002dff96bba10, 0x000002dff96b8590
}

Java Threads: ( => current thread )
  0x000002dfda079e30 JavaThread "main"                              [_thread_blocked, id=7788, stack(0x000000f9b2200000,0x000000f9b2300000) (1024K)]
  0x000002dff2e79390 JavaThread "Reference Handler"          daemon [_thread_blocked, id=22188, stack(0x000000f9b2600000,0x000000f9b2700000) (1024K)]
  0x000002dfdc4ad7b0 JavaThread "Finalizer"                  daemon [_thread_blocked, id=18032, stack(0x000000f9b2700000,0x000000f9b2800000) (1024K)]
  0x000002dff2e7ef50 JavaThread "Signal Dispatcher"          daemon [_thread_blocked, id=12144, stack(0x000000f9b2800000,0x000000f9b2900000) (1024K)]
=>0x000002dff2e83e50 JavaThread "Attach Listener"            daemon [_thread_in_vm, id=8516, stack(0x000000f9b2900000,0x000000f9b2a00000) (1024K)]
  0x000002dff2e85f40 JavaThread "Service Thread"             daemon [_thread_blocked, id=10112, stack(0x000000f9b2a00000,0x000000f9b2b00000) (1024K)]
  0x000002dff2e8d150 JavaThread "Monitor Deflation Thread"   daemon [_thread_blocked, id=4344, stack(0x000000f9b2b00000,0x000000f9b2c00000) (1024K)]
  0x000002dff4714f70 JavaThread "C2 CompilerThread0"         daemon [_thread_blocked, id=22240, stack(0x000000f9b2c00000,0x000000f9b2d00000) (1024K)]
  0x000002dff47189c0 JavaThread "C1 CompilerThread0"         daemon [_thread_blocked, id=23532, stack(0x000000f9b2d00000,0x000000f9b2e00000) (1024K)]
  0x000002dfdc488900 JavaThread "Common-Cleaner"             daemon [_thread_blocked, id=20512, stack(0x000000f9b2e00000,0x000000f9b2f00000) (1024K)]
  0x000002dff4a4e060 JavaThread "Notification Thread"        daemon [_thread_blocked, id=9244, stack(0x000000f9b3000000,0x000000f9b3100000) (1024K)]
  0x000002dff95fb7f0 JavaThread "Active Thread: Equinox Container: 6d99b31f-a25f-4e7d-9248-dce8d7e0cde9"        [_thread_blocked, id=13440, stack(0x000000f9b3800000,0x000000f9b3900000) (1024K)]
  0x000002dff9b9eeb0 JavaThread "Refresh Thread: Equinox Container: 6d99b31f-a25f-4e7d-9248-dce8d7e0cde9" daemon [_thread_blocked, id=14520, stack(0x000000f9b3900000,0x000000f9b3a00000) (1024K)]
  0x000002dff9b81e10 JavaThread "Framework Event Dispatcher: Equinox Container: 6d99b31f-a25f-4e7d-9248-dce8d7e0cde9" daemon [_thread_blocked, id=18240, stack(0x000000f9b3b00000,0x000000f9b3c00000) (1024K)]
  0x000002dff9b82470 JavaThread "Start Level: Equinox Container: 6d99b31f-a25f-4e7d-9248-dce8d7e0cde9" daemon [_thread_blocked, id=21728, stack(0x000000f9b3c00000,0x000000f9b3d00000) (1024K)]
  0x000002dffa111f00 JavaThread "Bundle File Closer"         daemon [_thread_blocked, id=12944, stack(0x000000f9b3d00000,0x000000f9b3e00000) (1024K)]
  0x000002dff9a83e90 JavaThread "SCR Component Actor"        daemon [_thread_blocked, id=16964, stack(0x000000f9b3100000,0x000000f9b3200000) (1024K)]
  0x000002dff9f0bbb0 JavaThread "Worker-JM"                         [_thread_blocked, id=21468, stack(0x000000f9b3f00000,0x000000f9b4000000) (1024K)]
  0x000002dff9efb2d0 JavaThread "JNA Cleaner"                daemon [_thread_blocked, id=22996, stack(0x000000f9b3e00000,0x000000f9b3f00000) (1024K)]
  0x000002dffa135c70 JavaThread "Java indexing"              daemon [_thread_blocked, id=19488, stack(0x000000f9b4400000,0x000000f9b4500000) (1024K)]
  0x000002dffa132e80 JavaThread "Thread-1"                   daemon [_thread_in_native, id=3340, stack(0x000000f9b4900000,0x000000f9b4a00000) (1024K)]
  0x000002dffa134f50 JavaThread "Thread-2"                   daemon [_thread_in_native, id=15940, stack(0x000000f9b4a00000,0x000000f9b4b00000) (1024K)]
  0x000002dffa133ba0 JavaThread "Thread-3"                   daemon [_thread_in_native, id=20240, stack(0x000000f9b4b00000,0x000000f9b4c00000) (1024K)]
  0x000002dffb1be310 JavaThread "Thread-4"                   daemon [_thread_in_native, id=16828, stack(0x000000f9b4c00000,0x000000f9b4d00000) (1024K)]
  0x000002dffb1c0a70 JavaThread "Thread-5"                   daemon [_thread_in_native, id=18832, stack(0x000000f9b4d00000,0x000000f9b4e00000) (1024K)]
  0x000002dffb1bd5f0 JavaThread "Thread-6"                   daemon [_thread_in_native, id=13532, stack(0x000000f9b4e00000,0x000000f9b4f00000) (1024K)]
  0x000002dffb1be9a0 JavaThread "Thread-7"                   daemon [_thread_in_native, id=20904, stack(0x000000f9b4f00000,0x000000f9b5000000) (1024K)]
  0x000002dffb1bdc80 JavaThread "Thread-8"                   daemon [_thread_in_native, id=11424, stack(0x000000f9b5000000,0x000000f9b5100000) (1024K)]
  0x000002dffb1bf6c0 JavaThread "Thread-9"                   daemon [_thread_in_native, id=6448, stack(0x000000f9b5100000,0x000000f9b5200000) (1024K)]
  0x000002dffb1c03e0 JavaThread "pool-2-thread-1"                   [_thread_blocked, id=4268, stack(0x000000f9b5200000,0x000000f9b5300000) (1024K)]
  0x000002dffb1bf030 JavaThread "WorkspaceEventsHandler"            [_thread_blocked, id=7656, stack(0x000000f9b5300000,0x000000f9b5400000) (1024K)]
  0x000002dffb1bfd50 JavaThread "pool-1-thread-1"                   [_thread_blocked, id=11056, stack(0x000000f9b5400000,0x000000f9b5500000) (1024K)]
  0x000002dffa73d370 JavaThread "Cleaner-0"                  daemon [_thread_blocked, id=9068, stack(0x000000f9b4200000,0x000000f9b4300000) (1024K)]
  0x000002dff96bba10 JavaThread "Worker-48"                         [_thread_blocked, id=56628, stack(0x000000f9b4600000,0x000000f9b4700000) (1024K)]
  0x000002dff96b8590 JavaThread "Worker-49"                         [_thread_blocked, id=44532, stack(0x000000f9b1f00000,0x000000f9b2000000) (1024K)]
Total: 35

Other Threads:
  0x000002dfdc498e00 VMThread "VM Thread"                           [id=7572, stack(0x000000f9b2500000,0x000000f9b2600000) (1024K)]
  0x000002dfdc485e20 WatcherThread "VM Periodic Task Thread"        [id=2316, stack(0x000000f9b2400000,0x000000f9b2500000) (1024K)]
  0x000002dfdc4383f0 WorkerThread "GC Thread#0"                     [id=5796, stack(0x000000f9b2300000,0x000000f9b2400000) (1024K)]
  0x000002dff950d130 WorkerThread "GC Thread#1"                     [id=13556, stack(0x000000f9b3200000,0x000000f9b3300000) (1024K)]
  0x000002dff950d4d0 WorkerThread "GC Thread#2"                     [id=22248, stack(0x000000f9b3300000,0x000000f9b3400000) (1024K)]
  0x000002dff950d870 WorkerThread "GC Thread#3"                     [id=21908, stack(0x000000f9b3400000,0x000000f9b3500000) (1024K)]
  0x000002dff94d4610 WorkerThread "GC Thread#4"                     [id=5108, stack(0x000000f9b3500000,0x000000f9b3600000) (1024K)]
  0x000002dff94d49b0 WorkerThread "GC Thread#5"                     [id=7648, stack(0x000000f9b3600000,0x000000f9b3700000) (1024K)]
  0x000002dff94d4d50 WorkerThread "GC Thread#6"                     [id=20672, stack(0x000000f9b3700000,0x000000f9b3800000) (1024K)]
  0x000002dff9b9f7e0 WorkerThread "GC Thread#7"                     [id=15048, stack(0x000000f9b3a00000,0x000000f9b3b00000) (1024K)]
Total: 10

Threads with active compile tasks:
Total: 0

VM state: not at safepoint (normal execution)

VM Mutex/Monitor currently owned by a thread: None

Heap address: 0x0000000080000000, size: 2048 MB, Compressed Oops mode: 32-bit

CDS archive(s) mapped at: [0x000002df80000000-0x000002df80ba0000-0x000002df80ba0000), size 12189696, SharedBaseAddress: 0x000002df80000000, ArchiveRelocationMode: 1.
Compressed class space mapped at: 0x000002df81000000-0x000002dfc1000000, reserved size: 1073741824
Narrow klass base: 0x000002df80000000, Narrow klass shift: 0, Narrow klass range: 0x100000000

GC Precious Log:
 CardTable entry size: 512
 CPUs: 8 total, 8 available
 Memory: 16106M
 Large Page Support: Disabled
 NUMA Support: Disabled
 Compressed Oops: Enabled (32-bit)
 Alignments: Space 512K, Generation 512K, Heap 2M
 Heap Min Capacity: 100M
 Heap Initial Capacity: 100M
 Heap Max Capacity: 2G
 Pre-touch: Disabled
 Parallel Workers: 8

Heap:
 PSYoungGen      total 4608K, used 1166K [0x00000000d5580000, 0x00000000d5b00000, 0x0000000100000000)
  eden space 4096K, 18% used [0x00000000d5580000,0x00000000d563fa40,0x00000000d5980000)
  from space 512K, 78% used [0x00000000d5a80000,0x00000000d5ae4030,0x00000000d5b00000)
  to   space 512K, 0% used [0x00000000d5a00000,0x00000000d5a00000,0x00000000d5a80000)
 ParOldGen       total 912896K, used 912762K [0x0000000080000000, 0x00000000b7b80000, 0x00000000d5580000)
  object space 912896K, 99% used [0x0000000080000000,0x00000000b7b5e870,0x00000000b7b80000)
 Metaspace       used 89709K, committed 91392K, reserved 1179648K
  class space    used 8772K, committed 9536K, reserved 1048576K

Card table byte_map: [0x000002dfdbda0000,0x000002dfdc1b0000] _byte_map_base: 0x000002dfdb9a0000

Marking Bits: (ParMarkBitMap*) 0x00007ffa9bbca340
 Begin Bits: [0x000002dfee890000, 0x000002dff0890000)
 End Bits:   [0x000002dff0890000, 0x000002dff2890000)

Polling page: 0x000002dfda2c0000

Metaspace:

Usage:
  Non-class:     79.04 MB used.
      Class:      8.57 MB used.
       Both:     87.61 MB used.

Virtual space:
  Non-class space:      128.00 MB reserved,      79.94 MB ( 62%) committed,  2 nodes.
      Class space:        1.00 GB reserved,       9.31 MB ( <1%) committed,  1 nodes.
             Both:        1.12 GB reserved,      89.25 MB (  8%) committed. 

Chunk freelists:
   Non-Class:  16.00 MB
       Class:  6.59 MB
        Both:  22.59 MB

MaxMetaspaceSize: unlimited
CompressedClassSpaceSize: 1.00 GB
Initial GC threshold: 21.00 MB
Current GC threshold: 143.56 MB
CDS: on
 - commit_granule_bytes: 65536.
 - commit_granule_words: 8192.
 - virtual_space_node_default_size: 8388608.
 - enlarge_chunks_in_place: 1.
 - use_allocation_guard: 0.


Internal statistics:

num_allocs_failed_limit: 11.
num_arena_births: 2276.
num_arena_deaths: 668.
num_vsnodes_births: 3.
num_vsnodes_deaths: 0.
num_space_committed: 1458.
num_space_uncommitted: 21.
num_chunks_returned_to_freelist: 977.
num_chunks_taken_from_freelist: 7418.
num_chunk_merges: 254.
num_chunk_splits: 4140.
num_chunks_enlarged: 2245.
num_inconsistent_stats: 0.

CodeHeap 'non-profiled nmethods': size=120000Kb used=19100Kb max_used=26211Kb free=100899Kb
 bounds [0x000002dfe70b0000, 0x000002dfe8a50000, 0x000002dfee5e0000]
CodeHeap 'profiled nmethods': size=120000Kb used=36242Kb max_used=48351Kb free=83757Kb
 bounds [0x000002dfdf5e0000, 0x000002dfe2520000, 0x000002dfe6b10000]
CodeHeap 'non-nmethods': size=5760Kb used=1513Kb max_used=1608Kb free=4246Kb
 bounds [0x000002dfe6b10000, 0x000002dfe6d80000, 0x000002dfe70b0000]
CodeCache: size=245760Kb, used=56855Kb, max_used=76170Kb, free=188902Kb
 total_blobs=15281, nmethods=14458, adapters=721, full_count=0
Compilation: enabled, stopped_count=0, restarted_count=0

Compilation events (20 events):
Event: 25352.320 Thread 0x000002dff47189c0 nmethod 27672 0x000002dfdfd6f210 code [0x000002dfdfd6f3a0, 0x000002dfdfd6f4a8]
Event: 25352.320 Thread 0x000002dff47189c0 27673       3       org.eclipse.core.internal.resources.LocalMetaArea::locationFor (44 bytes)
Event: 25352.321 Thread 0x000002dff47189c0 nmethod 27673 0x000002dfe0dace90 code [0x000002dfe0dad0c0, 0x000002dfe0dad690]
Event: 25352.321 Thread 0x000002dff47189c0 27674       3       java.io.BufferedOutputStream::<init> (12 bytes)
Event: 25352.322 Thread 0x000002dff47189c0 nmethod 27674 0x000002dfe09bc510 code [0x000002dfe09bc6e0, 0x000002dfe09bcb28]
Event: 25352.322 Thread 0x000002dff47189c0 27675       3       java.io.BufferedOutputStream::initialBufferSize (23 bytes)
Event: 25352.322 Thread 0x000002dff47189c0 nmethod 27675 0x000002dfe037cb10 code [0x000002dfe037cce0, 0x000002dfe037d090]
Event: 25352.322 Thread 0x000002dff47189c0 27676       1       java.io.DataOutputStream::size (5 bytes)
Event: 25352.322 Thread 0x000002dff47189c0 nmethod 27676 0x000002dfe800ce90 code [0x000002dfe800d020, 0x000002dfe800d0e8]
Event: 25352.344 Thread 0x000002dff4714f70 nmethod 27669 0x000002dfe8502110 code [0x000002dfe85023c0, 0x000002dfe8503190]
Event: 25352.438 Thread 0x000002dff47189c0 27677       3       java.util.Optional::flatMap (38 bytes)
Event: 25352.439 Thread 0x000002dff47189c0 nmethod 27677 0x000002dfe0fcc710 code [0x000002dfe0fcc920, 0x000002dfe0fcd000]
Event: 25352.495 Thread 0x000002dff47189c0 27678       3       com.sun.org.apache.xerces.internal.impl.XMLDTDScannerImpl::<init> (137 bytes)
Event: 25352.499 Thread 0x000002dff47189c0 nmethod 27678 0x000002dfe1565210 code [0x000002dfe15654a0, 0x000002dfe15665b8]
Event: 25352.499 Thread 0x000002dff47189c0 27679       3       com.sun.org.apache.xerces.internal.impl.dtd.XMLDTDProcessor::<init> (54 bytes)
Event: 25352.501 Thread 0x000002dff47189c0 nmethod 27679 0x000002dfdfa3f210 code [0x000002dfdfa3f440, 0x000002dfdfa3fca0]
Event: 25352.501 Thread 0x000002dff47189c0 27680   !   3       com.sun.org.apache.xerces.internal.impl.dv.DTDDVFactory::getInstance (58 bytes)
Event: 25352.503 Thread 0x000002dff47189c0 nmethod 27680 0x000002dfe078ba10 code [0x000002dfe078bc60, 0x000002dfe078c2e8]
Event: 25352.503 Thread 0x000002dff47189c0 27681       3       com.sun.org.apache.xerces.internal.impl.XMLVersionDetector::<init> (137 bytes)
Event: 25352.503 Thread 0x000002dff47189c0 nmethod 27681 0x000002dfe09c9110 code [0x000002dfe09c92c0, 0x000002dfe09c96d0]

GC Heap History (20 events):
Event: 25190.221 GC heap before
{Heap before GC invocations=3155 (full 8):
 PSYoungGen      total 5120K, used 4624K [0x00000000d5580000, 0x00000000d5b80000, 0x0000000100000000)
  eden space 4096K, 100% used [0x00000000d5580000,0x00000000d5980000,0x00000000d5980000)
  from space 1024K, 51% used [0x00000000d5a80000,0x00000000d5b04010,0x00000000d5b80000)
  to   space 1024K, 0% used [0x00000000d5980000,0x00000000d5980000,0x00000000d5a80000)
 ParOldGen       total 910336K, used 908957K [0x0000000080000000, 0x00000000b7900000, 0x00000000d5580000)
  object space 910336K, 99% used [0x0000000080000000,0x00000000b77a7790,0x00000000b7900000)
 Metaspace       used 89688K, committed 91328K, reserved 1179648K
  class space    used 8772K, committed 9536K, reserved 1048576K
}
Event: 25190.223 GC heap after
{Heap after GC invocations=3155 (full 8):
 PSYoungGen      total 5120K, used 384K [0x00000000d5580000, 0x00000000d5b00000, 0x0000000100000000)
  eden space 4096K, 0% used [0x00000000d5580000,0x00000000d5580000,0x00000000d5980000)
  from space 1024K, 37% used [0x00000000d5980000,0x00000000d59e0000,0x00000000d5a80000)
  to   space 512K, 0% used [0x00000000d5a80000,0x00000000d5a80000,0x00000000d5b00000)
 ParOldGen       total 910336K, used 909437K [0x0000000080000000, 0x00000000b7900000, 0x00000000d5580000)
  object space 910336K, 99% used [0x0000000080000000,0x00000000b781f7a0,0x00000000b7900000)
 Metaspace       used 89688K, committed 91328K, reserved 1179648K
  class space    used 8772K, committed 9536K, reserved 1048576K
}
Event: 25190.577 GC heap before
{Heap before GC invocations=3156 (full 8):
 PSYoungGen      total 5120K, used 4479K [0x00000000d5580000, 0x00000000d5b00000, 0x0000000100000000)
  eden space 4096K, 99% used [0x00000000d5580000,0x00000000d597fff0,0x00000000d5980000)
  from space 1024K, 37% used [0x00000000d5980000,0x00000000d59e0000,0x00000000d5a80000)
  to   space 512K, 0% used [0x00000000d5a80000,0x00000000d5a80000,0x00000000d5b00000)
 ParOldGen       total 910336K, used 909437K [0x0000000080000000, 0x00000000b7900000, 0x00000000d5580000)
  object space 910336K, 99% used [0x0000000080000000,0x00000000b781f7a0,0x00000000b7900000)
 Metaspace       used 89693K, committed 91392K, reserved 1179648K
  class space    used 8772K, committed 9536K, reserved 1048576K
}
Event: 25190.578 GC heap after
{Heap after GC invocations=3156 (full 8):
 PSYoungGen      total 4608K, used 468K [0x00000000d5580000, 0x00000000d5b00000, 0x0000000100000000)
  eden space 4096K, 0% used [0x00000000d5580000,0x00000000d5580000,0x00000000d5980000)
  from space 512K, 91% used [0x00000000d5a80000,0x00000000d5af5220,0x00000000d5b00000)
  to   space 512K, 0% used [0x00000000d5a00000,0x00000000d5a00000,0x00000000d5a80000)
 ParOldGen       total 910336K, used 909709K [0x0000000080000000, 0x00000000b7900000, 0x00000000d5580000)
  object space 910336K, 99% used [0x0000000080000000,0x00000000b78637a0,0x00000000b7900000)
 Metaspace       used 89693K, committed 91392K, reserved 1179648K
  class space    used 8772K, committed 9536K, reserved 1048576K
}
Event: 25190.582 GC heap before
{Heap before GC invocations=3157 (full 8):
 PSYoungGen      total 4608K, used 4564K [0x00000000d5580000, 0x00000000d5b00000, 0x0000000100000000)
  eden space 4096K, 100% used [0x00000000d5580000,0x00000000d5980000,0x00000000d5980000)
  from space 512K, 91% used [0x00000000d5a80000,0x00000000d5af5220,0x00000000d5b00000)
  to   space 512K, 0% used [0x00000000d5a00000,0x00000000d5a00000,0x00000000d5a80000)
 ParOldGen       total 910336K, used 909709K [0x0000000080000000, 0x00000000b7900000, 0x00000000d5580000)
  object space 910336K, 99% used [0x0000000080000000,0x00000000b78637a0,0x00000000b7900000)
 Metaspace       used 89693K, committed 91392K, reserved 1179648K
  class space    used 8772K, committed 9536K, reserved 1048576K
}
Event: 25190.583 GC heap after
{Heap after GC invocations=3157 (full 8):
 PSYoungGen      total 4608K, used 512K [0x00000000d5580000, 0x00000000d5b80000, 0x0000000100000000)
  eden space 4096K, 0% used [0x00000000d5580000,0x00000000d5580000,0x00000000d5980000)
  from space 512K, 100% used [0x00000000d5a00000,0x00000000d5a80000,0x00000000d5a80000)
  to   space 1024K, 0% used [0x00000000d5a80000,0x00000000d5a80000,0x00000000d5b80000)
 ParOldGen       total 910336K, used 910087K [0x0000000080000000, 0x00000000b7900000, 0x00000000d5580000)
  object space 910336K, 99% used [0x0000000080000000,0x00000000b78c1fb0,0x00000000b7900000)
 Metaspace       used 89693K, committed 91392K, reserved 1179648K
  class space    used 8772K, committed 9536K, reserved 1048576K
}
Event: 25190.587 GC heap before
{Heap before GC invocations=3158 (full 8):
 PSYoungGen      total 4608K, used 4608K [0x00000000d5580000, 0x00000000d5b80000, 0x0000000100000000)
  eden space 4096K, 100% used [0x00000000d5580000,0x00000000d5980000,0x00000000d5980000)
  from space 512K, 100% used [0x00000000d5a00000,0x00000000d5a80000,0x00000000d5a80000)
  to   space 1024K, 0% used [0x00000000d5a80000,0x00000000d5a80000,0x00000000d5b80000)
 ParOldGen       total 910336K, used 910087K [0x0000000080000000, 0x00000000b7900000, 0x00000000d5580000)
  object space 910336K, 99% used [0x0000000080000000,0x00000000b78c1fb0,0x00000000b7900000)
 Metaspace       used 89693K, committed 91392K, reserved 1179648K
  class space    used 8772K, committed 9536K, reserved 1048576K
}
Event: 25190.589 GC heap after
{Heap after GC invocations=3158 (full 8):
 PSYoungGen      total 5120K, used 448K [0x00000000d5580000, 0x00000000d5b80000, 0x0000000100000000)
  eden space 4096K, 0% used [0x00000000d5580000,0x00000000d5580000,0x00000000d5980000)
  from space 1024K, 43% used [0x00000000d5a80000,0x00000000d5af0000,0x00000000d5b80000)
  to   space 1024K, 0% used [0x00000000d5980000,0x00000000d5980000,0x00000000d5a80000)
 ParOldGen       total 910848K, used 910543K [0x0000000080000000, 0x00000000b7980000, 0x00000000d5580000)
  object space 910848K, 99% used [0x0000000080000000,0x00000000b7933e10,0x00000000b7980000)
 Metaspace       used 89693K, committed 91392K, reserved 1179648K
  class space    used 8772K, committed 9536K, reserved 1048576K
}
Event: 25190.595 GC heap before
{Heap before GC invocations=3159 (full 8):
 PSYoungGen      total 5120K, used 4544K [0x00000000d5580000, 0x00000000d5b80000, 0x0000000100000000)
  eden space 4096K, 100% used [0x00000000d5580000,0x00000000d5980000,0x00000000d5980000)
  from space 1024K, 43% used [0x00000000d5a80000,0x00000000d5af0000,0x00000000d5b80000)
  to   space 1024K, 0% used [0x00000000d5980000,0x00000000d5980000,0x00000000d5a80000)
 ParOldGen       total 910848K, used 910543K [0x0000000080000000, 0x00000000b7980000, 0x00000000d5580000)
  object space 910848K, 99% used [0x0000000080000000,0x00000000b7933e10,0x00000000b7980000)
 Metaspace       used 89693K, committed 91392K, reserved 1179648K
  class space    used 8772K, committed 9536K, reserved 1048576K
}
Event: 25190.596 GC heap after
{Heap after GC invocations=3159 (full 8):
 PSYoungGen      total 5120K, used 650K [0x00000000d5580000, 0x00000000d5b80000, 0x0000000100000000)
  eden space 4096K, 0% used [0x00000000d5580000,0x00000000d5580000,0x00000000d5980000)
  from space 1024K, 63% used [0x00000000d5980000,0x00000000d5a22910,0x00000000d5a80000)
  to   space 1024K, 0% used [0x00000000d5a80000,0x00000000d5a80000,0x00000000d5b80000)
 ParOldGen       total 910848K, used 910823K [0x0000000080000000, 0x00000000b7980000, 0x00000000d5580000)
  object space 910848K, 99% used [0x0000000080000000,0x00000000b7979e10,0x00000000b7980000)
 Metaspace       used 89693K, committed 91392K, reserved 1179648K
  class space    used 8772K, committed 9536K, reserved 1048576K
}
Event: 25190.601 GC heap before
{Heap before GC invocations=3160 (full 8):
 PSYoungGen      total 5120K, used 4746K [0x00000000d5580000, 0x00000000d5b80000, 0x0000000100000000)
  eden space 4096K, 100% used [0x00000000d5580000,0x00000000d5980000,0x00000000d5980000)
  from space 1024K, 63% used [0x00000000d5980000,0x00000000d5a22910,0x00000000d5a80000)
  to   space 1024K, 0% used [0x00000000d5a80000,0x00000000d5a80000,0x00000000d5b80000)
 ParOldGen       total 910848K, used 910823K [0x0000000080000000, 0x00000000b7980000, 0x00000000d5580000)
  object space 910848K, 99% used [0x0000000080000000,0x00000000b7979e10,0x00000000b7980000)
 Metaspace       used 89693K, committed 91392K, reserved 1179648K
  class space    used 8772K, committed 9536K, reserved 1048576K
}
Event: 25190.603 GC heap after
{Heap after GC invocations=3160 (full 8):
 PSYoungGen      total 4608K, used 288K [0x00000000d5580000, 0x00000000d5b00000, 0x0000000100000000)
  eden space 4096K, 0% used [0x00000000d5580000,0x00000000d5580000,0x00000000d5980000)
  from space 512K, 56% used [0x00000000d5a80000,0x00000000d5ac8000,0x00000000d5b00000)
  to   space 512K, 0% used [0x00000000d5a00000,0x00000000d5a00000,0x00000000d5a80000)
 ParOldGen       total 911872K, used 911403K [0x0000000080000000, 0x00000000b7a80000, 0x00000000d5580000)
  object space 911872K, 99% used [0x0000000080000000,0x00000000b7a0ae80,0x00000000b7a80000)
 Metaspace       used 89693K, committed 91392K, reserved 1179648K
  class space    used 8772K, committed 9536K, reserved 1048576K
}
Event: 25196.559 GC heap before
{Heap before GC invocations=3161 (full 8):
 PSYoungGen      total 4608K, used 4384K [0x00000000d5580000, 0x00000000d5b00000, 0x0000000100000000)
  eden space 4096K, 100% used [0x00000000d5580000,0x00000000d5980000,0x00000000d5980000)
  from space 512K, 56% used [0x00000000d5a80000,0x00000000d5ac8000,0x00000000d5b00000)
  to   space 512K, 0% used [0x00000000d5a00000,0x00000000d5a00000,0x00000000d5a80000)
 ParOldGen       total 911872K, used 911403K [0x0000000080000000, 0x00000000b7a80000, 0x00000000d5580000)
  object space 911872K, 99% used [0x0000000080000000,0x00000000b7a0ae80,0x00000000b7a80000)
 Metaspace       used 89694K, committed 91392K, reserved 1179648K
  class space    used 8772K, committed 9536K, reserved 1048576K
}
Event: 25196.560 GC heap after
{Heap after GC invocations=3161 (full 8):
 PSYoungGen      total 4608K, used 393K [0x00000000d5580000, 0x00000000d5b00000, 0x0000000100000000)
  eden space 4096K, 0% used [0x00000000d5580000,0x00000000d5580000,0x00000000d5980000)
  from space 512K, 76% used [0x00000000d5a00000,0x00000000d5a62400,0x00000000d5a80000)
  to   space 512K, 0% used [0x00000000d5a80000,0x00000000d5a80000,0x00000000d5b00000)
 ParOldGen       total 911872K, used 911659K [0x0000000080000000, 0x00000000b7a80000, 0x00000000d5580000)
  object space 911872K, 99% used [0x0000000080000000,0x00000000b7a4ae80,0x00000000b7a80000)
 Metaspace       used 89694K, committed 91392K, reserved 1179648K
  class space    used 8772K, committed 9536K, reserved 1048576K
}
Event: 25196.567 GC heap before
{Heap before GC invocations=3162 (full 8):
 PSYoungGen      total 4608K, used 4489K [0x00000000d5580000, 0x00000000d5b00000, 0x0000000100000000)
  eden space 4096K, 100% used [0x00000000d5580000,0x00000000d5980000,0x00000000d5980000)
  from space 512K, 76% used [0x00000000d5a00000,0x00000000d5a62400,0x00000000d5a80000)
  to   space 512K, 0% used [0x00000000d5a80000,0x00000000d5a80000,0x00000000d5b00000)
 ParOldGen       total 911872K, used 911659K [0x0000000080000000, 0x00000000b7a80000, 0x00000000d5580000)
  object space 911872K, 99% used [0x0000000080000000,0x00000000b7a4ae80,0x00000000b7a80000)
 Metaspace       used 89694K, committed 91392K, reserved 1179648K
  class space    used 8772K, committed 9536K, reserved 1048576K
}
Event: 25196.569 GC heap after
{Heap after GC invocations=3162 (full 8):
 PSYoungGen      total 4608K, used 496K [0x00000000d5580000, 0x00000000d5b80000, 0x0000000100000000)
  eden space 4096K, 0% used [0x00000000d5580000,0x00000000d5580000,0x00000000d5980000)
  from space 512K, 96% used [0x00000000d5a80000,0x00000000d5afc010,0x00000000d5b00000)
  to   space 1024K, 0% used [0x00000000d5980000,0x00000000d5980000,0x00000000d5a80000)
 ParOldGen       total 912384K, used 911922K [0x0000000080000000, 0x00000000b7b00000, 0x00000000d5580000)
  object space 912384K, 99% used [0x0000000080000000,0x00000000b7a8c860,0x00000000b7b00000)
 Metaspace       used 89694K, committed 91392K, reserved 1179648K
  class space    used 8772K, committed 9536K, reserved 1048576K
}
Event: 25196.577 GC heap before
{Heap before GC invocations=3163 (full 8):
 PSYoungGen      total 4608K, used 4592K [0x00000000d5580000, 0x00000000d5b80000, 0x0000000100000000)
  eden space 4096K, 100% used [0x00000000d5580000,0x00000000d5980000,0x00000000d5980000)
  from space 512K, 96% used [0x00000000d5a80000,0x00000000d5afc010,0x00000000d5b00000)
  to   space 1024K, 0% used [0x00000000d5980000,0x00000000d5980000,0x00000000d5a80000)
 ParOldGen       total 912384K, used 911922K [0x0000000080000000, 0x00000000b7b00000, 0x00000000d5580000)
  object space 912384K, 99% used [0x0000000080000000,0x00000000b7a8c860,0x00000000b7b00000)
 Metaspace       used 89696K, committed 91392K, reserved 1179648K
  class space    used 8772K, committed 9536K, reserved 1048576K
}
Event: 25196.578 GC heap after
{Heap after GC invocations=3163 (full 8):
 PSYoungGen      total 5120K, used 448K [0x00000000d5580000, 0x00000000d5b80000, 0x0000000100000000)
  eden space 4096K, 0% used [0x00000000d5580000,0x00000000d5580000,0x00000000d5980000)
  from space 1024K, 43% used [0x00000000d5980000,0x00000000d59f0000,0x00000000d5a80000)
  to   space 1024K, 0% used [0x00000000d5a80000,0x00000000d5a80000,0x00000000d5b80000)
 ParOldGen       total 912896K, used 912386K [0x0000000080000000, 0x00000000b7b80000, 0x00000000d5580000)
  object space 912896K, 99% used [0x0000000080000000,0x00000000b7b00870,0x00000000b7b80000)
 Metaspace       used 89696K, committed 91392K, reserved 1179648K
  class space    used 8772K, committed 9536K, reserved 1048576K
}
Event: 25352.517 GC heap before
{Heap before GC invocations=3164 (full 8):
 PSYoungGen      total 5120K, used 4544K [0x00000000d5580000, 0x00000000d5b80000, 0x0000000100000000)
  eden space 4096K, 100% used [0x00000000d5580000,0x00000000d5980000,0x00000000d5980000)
  from space 1024K, 43% used [0x00000000d5980000,0x00000000d59f0000,0x00000000d5a80000)
  to   space 1024K, 0% used [0x00000000d5a80000,0x00000000d5a80000,0x00000000d5b80000)
 ParOldGen       total 912896K, used 912386K [0x0000000080000000, 0x00000000b7b80000, 0x00000000d5580000)
  object space 912896K, 99% used [0x0000000080000000,0x00000000b7b00870,0x00000000b7b80000)
 Metaspace       used 89709K, committed 91392K, reserved 1179648K
  class space    used 8772K, committed 9536K, reserved 1048576K
}
Event: 25352.521 GC heap after
{Heap after GC invocations=3164 (full 8):
 PSYoungGen      total 4608K, used 400K [0x00000000d5580000, 0x00000000d5b00000, 0x0000000100000000)
  eden space 4096K, 0% used [0x00000000d5580000,0x00000000d5580000,0x00000000d5980000)
  from space 512K, 78% used [0x00000000d5a80000,0x00000000d5ae4030,0x00000000d5b00000)
  to   space 512K, 0% used [0x00000000d5a00000,0x00000000d5a00000,0x00000000d5a80000)
 ParOldGen       total 912896K, used 912762K [0x0000000080000000, 0x00000000b7b80000, 0x00000000d5580000)
  object space 912896K, 99% used [0x0000000080000000,0x00000000b7b5e870,0x00000000b7b80000)
 Metaspace       used 89709K, committed 91392K, reserved 1179648K
  class space    used 8772K, committed 9536K, reserved 1048576K
}

Dll operation events (10 events):
Event: 0.013 Loaded shared library c:\Users\User\.vscode\extensions\redhat.java-1.46.0-win32-x64\jre\21.0.8-win32-x86_64\bin\java.dll
Event: 0.094 Loaded shared library c:\Users\User\.vscode\extensions\redhat.java-1.46.0-win32-x64\jre\21.0.8-win32-x86_64\bin\zip.dll
Event: 0.125 Loaded shared library C:\Users\User\.vscode\extensions\redhat.java-1.46.0-win32-x64\jre\21.0.8-win32-x86_64\bin\instrument.dll
Event: 0.132 Loaded shared library C:\Users\User\.vscode\extensions\redhat.java-1.46.0-win32-x64\jre\21.0.8-win32-x86_64\bin\net.dll
Event: 0.135 Loaded shared library C:\Users\User\.vscode\extensions\redhat.java-1.46.0-win32-x64\jre\21.0.8-win32-x86_64\bin\nio.dll
Event: 0.140 Loaded shared library C:\Users\User\.vscode\extensions\redhat.java-1.46.0-win32-x64\jre\21.0.8-win32-x86_64\bin\zip.dll
Event: 0.168 Loaded shared library C:\Users\User\.vscode\extensions\redhat.java-1.46.0-win32-x64\jre\21.0.8-win32-x86_64\bin\jimage.dll
Event: 0.277 Loaded shared library c:\Users\User\.vscode\extensions\redhat.java-1.46.0-win32-x64\jre\21.0.8-win32-x86_64\bin\verify.dll
Event: 1.765 Loaded shared library C:\Users\User\AppData\Roaming\Code\User\globalStorage\redhat.java\1.46.0\config_win\org.eclipse.equinox.launcher\org.eclipse.equinox.launcher.win32.win32.x86_64_1.2.1400.v20250801-0854\eclipse_11916.dll
Event: 3.713 Loaded shared library C:\Users\User\AppData\Local\Temp\jna-2645995\jna12741557981145239373.dll

Deoptimization events (20 events):
Event: 24895.286 Thread 0x000002dff96b8590 Uncommon trap: trap_request=0xffffffde fr.pc=0x000002dfe88c4c78 relative=0x0000000000000f98
Event: 24895.286 Thread 0x000002dff96b8590 Uncommon trap: reason=class_check action=maybe_recompile pc=0x000002dfe88c4c78 method=org.eclipse.jdt.internal.compiler.lookup.LookupEnvironment.getTypeArgumentsFromSignature(Lorg/eclipse/jdt/internal/compiler/lookup/SignatureWrapper;[Lorg/eclipse/jdt/int
Event: 24895.286 Thread 0x000002dff96b8590 DEOPT PACKING pc=0x000002dfe88c4c78 sp=0x000000f9b1ffdbb0
Event: 24895.286 Thread 0x000002dff96b8590 DEOPT UNPACKING pc=0x000002dfe6b66da2 sp=0x000000f9b1ffdb60 mode 2
Event: 24895.291 Thread 0x000002dff96b8590 Uncommon trap: trap_request=0xffffffc6 fr.pc=0x000002dfe80baaf0 relative=0x0000000000000350
Event: 24895.291 Thread 0x000002dff96b8590 Uncommon trap: reason=bimorphic_or_optimized_type_check action=maybe_recompile pc=0x000002dfe80baaf0 method=org.eclipse.jdt.internal.compiler.util.SimpleSet.add(Ljava/lang/Object;)Ljava/lang/Object; @ 22 c2
Event: 24895.291 Thread 0x000002dff96b8590 DEOPT PACKING pc=0x000002dfe80baaf0 sp=0x000000f9b1ffdfb0
Event: 24895.291 Thread 0x000002dff96b8590 DEOPT UNPACKING pc=0x000002dfe6b66da2 sp=0x000000f9b1ffdf40 mode 2
Event: 25052.279 Thread 0x000002dffb1bf030 Uncommon trap: trap_request=0xffffff45 fr.pc=0x000002dfe84f3334 relative=0x00000000000010d4
Event: 25052.279 Thread 0x000002dffb1bf030 Uncommon trap: reason=unstable_if action=reinterpret pc=0x000002dfe84f3334 method=org.eclipse.core.internal.localstore.UnifiedTreeNode.isErrorInFileSystem()Z @ 4 c2
Event: 25052.279 Thread 0x000002dffb1bf030 DEOPT PACKING pc=0x000002dfe84f3334 sp=0x000000f9b53ff0f0
Event: 25052.279 Thread 0x000002dffb1bf030 DEOPT UNPACKING pc=0x000002dfe6b66da2 sp=0x000000f9b53ff028 mode 2
Event: 25052.279 Thread 0x000002dffb1bf030 Uncommon trap: trap_request=0xffffff45 fr.pc=0x000002dfe82ca2b8 relative=0x0000000000000098
Event: 25052.279 Thread 0x000002dffb1bf030 Uncommon trap: reason=unstable_if action=reinterpret pc=0x000002dfe82ca2b8 method=org.eclipse.core.internal.localstore.UnifiedTreeNode.existsInFileSystem()Z @ 4 c2
Event: 25052.279 Thread 0x000002dffb1bf030 DEOPT PACKING pc=0x000002dfe82ca2b8 sp=0x000000f9b53ff090
Event: 25052.279 Thread 0x000002dffb1bf030 DEOPT UNPACKING pc=0x000002dfe6b66da2 sp=0x000000f9b53ff020 mode 2
Event: 25052.471 Thread 0x000002dff96bba10 Uncommon trap: trap_request=0xffffff6e fr.pc=0x000002dfe78194f0 relative=0x0000000000000690
Event: 25052.471 Thread 0x000002dff96bba10 Uncommon trap: reason=loop_limit_check action=maybe_recompile pc=0x000002dfe78194f0 method=org.codehaus.plexus.util.SelectorUtils.matchAntPathPattern([[C[[CZ)Z @ 231 c2
Event: 25052.471 Thread 0x000002dff96bba10 DEOPT PACKING pc=0x000002dfe78194f0 sp=0x000000f9b46fcb00
Event: 25052.471 Thread 0x000002dff96bba10 DEOPT UNPACKING pc=0x000002dfe6b66da2 sp=0x000000f9b46fca40 mode 2

Classes loaded (20 events):
Event: 14059.416 Loading class jdk/internal/module/IllegalAccessLogger
Event: 14059.416 Loading class jdk/internal/module/IllegalAccessLogger done
Event: 14060.887 Loading class jdk/internal/module/IllegalAccessLogger
Event: 14060.887 Loading class jdk/internal/module/IllegalAccessLogger done
Event: 18161.787 Loading class jdk/internal/module/IllegalAccessLogger
Event: 18161.788 Loading class jdk/internal/module/IllegalAccessLogger done
Event: 18163.366 Loading class jdk/internal/module/IllegalAccessLogger
Event: 18163.366 Loading class jdk/internal/module/IllegalAccessLogger done
Event: 21681.309 Loading class java/util/stream/ReferencePipeline$15
Event: 21681.315 Loading class java/util/stream/ReferencePipeline$15 done
Event: 21681.334 Loading class java/util/stream/ReferencePipeline$15$1
Event: 21681.338 Loading class java/util/stream/ReferencePipeline$15$1 done
Event: 21682.905 Loading class java/util/stream/DoubleStream
Event: 21682.907 Loading class java/util/stream/DoubleStream done
Event: 21682.960 Loading class java/util/InvalidPropertiesFormatException
Event: 21682.961 Loading class java/util/InvalidPropertiesFormatException done
Event: 23251.859 Loading class jdk/internal/module/IllegalAccessLogger
Event: 23251.859 Loading class jdk/internal/module/IllegalAccessLogger done
Event: 23252.955 Loading class jdk/internal/module/IllegalAccessLogger
Event: 23252.955 Loading class jdk/internal/module/IllegalAccessLogger done

Classes unloaded (20 events):
Event: 13775.338 Thread 0x000002dfdc498e00 Unloading class 0x000002df811bd400 'java/lang/invoke/LambdaForm$MH+0x000002df811bd400'
Event: 13775.338 Thread 0x000002dfdc498e00 Unloading class 0x000002df811bd000 'java/lang/invoke/LambdaForm$MH+0x000002df811bd000'
Event: 13775.338 Thread 0x000002dfdc498e00 Unloading class 0x000002df811bc800 'java/lang/invoke/LambdaForm$MH+0x000002df811bc800'
Event: 13775.338 Thread 0x000002dfdc498e00 Unloading class 0x000002df811bc000 'java/lang/invoke/LambdaForm$MH+0x000002df811bc000'
Event: 13775.338 Thread 0x000002dfdc498e00 Unloading class 0x000002df811a8c00 'java/lang/invoke/LambdaForm$MH+0x000002df811a8c00'
Event: 13775.338 Thread 0x000002dfdc498e00 Unloading class 0x000002df81171800 'java/lang/invoke/LambdaForm$MH+0x000002df81171800'
Event: 13775.338 Thread 0x000002dfdc498e00 Unloading class 0x000002df81082400 'java/lang/invoke/LambdaForm$MH+0x000002df81082400'
Event: 13775.338 Thread 0x000002dfdc498e00 Unloading class 0x000002df81081c00 'java/lang/invoke/LambdaForm$MH+0x000002df81081c00'
Event: 13775.338 Thread 0x000002dfdc498e00 Unloading class 0x000002df81081800 'java/lang/invoke/LambdaForm$MH+0x000002df81081800'
Event: 13775.338 Thread 0x000002dfdc498e00 Unloading class 0x000002df81081400 'java/lang/invoke/LambdaForm$MH+0x000002df81081400'
Event: 13775.338 Thread 0x000002dfdc498e00 Unloading class 0x000002df81081000 'java/lang/invoke/LambdaForm$MH+0x000002df81081000'
Event: 13775.338 Thread 0x000002dfdc498e00 Unloading class 0x000002df81080800 'java/lang/invoke/LambdaForm$MH+0x000002df81080800'
Event: 13775.338 Thread 0x000002dfdc498e00 Unloading class 0x000002df81080400 'java/lang/invoke/LambdaForm$MH+0x000002df81080400'
Event: 13775.338 Thread 0x000002dfdc498e00 Unloading class 0x000002df81080000 'java/lang/invoke/LambdaForm$MH+0x000002df81080000'
Event: 13775.338 Thread 0x000002dfdc498e00 Unloading class 0x000002df8101f800 'java/lang/invoke/LambdaForm$MH+0x000002df8101f800'
Event: 13775.338 Thread 0x000002dfdc498e00 Unloading class 0x000002df8101e800 'java/lang/invoke/LambdaForm$MH+0x000002df8101e800'
Event: 13775.338 Thread 0x000002dfdc498e00 Unloading class 0x000002df8101e400 'java/lang/invoke/LambdaForm$MH+0x000002df8101e400'
Event: 13775.338 Thread 0x000002dfdc498e00 Unloading class 0x000002df8101dc00 'java/lang/invoke/LambdaForm$MH+0x000002df8101dc00'
Event: 13775.338 Thread 0x000002dfdc498e00 Unloading class 0x000002df8101d400 'java/lang/invoke/LambdaForm$MH+0x000002df8101d400'
Event: 13775.338 Thread 0x000002dfdc498e00 Unloading class 0x000002df81000400 'java/lang/invoke/LambdaForm$MH+0x000002df81000400'

Classes redefined (0 events):
No events

Internal exceptions (20 events):
Event: 23251.664 Thread 0x000002dffa135c70 Exception <a 'sun/nio/fs/WindowsException'{0x00000000d566a128}> (0x00000000d566a128) 
thrown [s\src\hotspot\share\prims\jni.cpp, line 520]
Event: 23251.949 Thread 0x000002dffa135c70 Exception <a 'sun/nio/fs/WindowsException'{0x00000000d5764e60}> (0x00000000d5764e60) 
thrown [s\src\hotspot\share\prims\jni.cpp, line 520]
Event: 23551.671 Thread 0x000002dff96b9940 Exception <a 'sun/nio/fs/WindowsException'{0x00000000d59c0328}> (0x00000000d59c0328) 
thrown [s\src\hotspot\share\prims\jni.cpp, line 520]
Event: 23551.671 Thread 0x000002dff96b9940 Exception <a 'sun/nio/fs/WindowsException'{0x00000000d59c0dd0}> (0x00000000d59c0dd0) 
thrown [s\src\hotspot\share\prims\jni.cpp, line 520]
Event: 23551.672 Thread 0x000002dff96b9940 Exception <a 'sun/nio/fs/WindowsException'{0x00000000d59c3478}> (0x00000000d59c3478) 
thrown [s\src\hotspot\share\prims\jni.cpp, line 520]
Event: 23551.672 Thread 0x000002dff96b9940 Exception <a 'sun/nio/fs/WindowsException'{0x00000000d59c3fd0}> (0x00000000d59c3fd0) 
thrown [s\src\hotspot\share\prims\jni.cpp, line 520]
Event: 24731.983 Thread 0x000002dff96b7870 Exception <a 'sun/nio/fs/WindowsException'{0x00000000d5902030}> (0x00000000d5902030) 
thrown [s\src\hotspot\share\prims\jni.cpp, line 520]
Event: 24731.983 Thread 0x000002dff96b7870 Exception <a 'sun/nio/fs/WindowsException'{0x00000000d5902918}> (0x00000000d5902918) 
thrown [s\src\hotspot\share\prims\jni.cpp, line 520]
Event: 24731.984 Thread 0x000002dff96b7870 Exception <a 'sun/nio/fs/WindowsException'{0x00000000d5904b60}> (0x00000000d5904b60) 
thrown [s\src\hotspot\share\prims\jni.cpp, line 520]
Event: 24731.984 Thread 0x000002dff96b7870 Exception <a 'sun/nio/fs/WindowsException'{0x00000000d5905428}> (0x00000000d5905428) 
thrown [s\src\hotspot\share\prims\jni.cpp, line 520]
Event: 25044.216 Thread 0x000002dff96b57a0 Exception <a 'java/lang/ArrayIndexOutOfBoundsException'{0x00000000d582bc98}> (0x00000000d582bc98) 
thrown [s\src\hotspot\share\runtime\sharedRuntime.cpp, line 625]
Event: 25052.279 Thread 0x000002dffb1bf030 Implicit null exception at 0x000002dfe84f22ed to 0x000002dfe84f3318
Event: 25052.279 Thread 0x000002dffb1bf030 Implicit null exception at 0x000002dfe82ca25e to 0x000002dfe82ca2a8
Event: 25052.293 Thread 0x000002dffa135c70 Exception <a 'sun/nio/fs/WindowsException'{0x00000000d56d9ae0}> (0x00000000d56d9ae0) 
thrown [s\src\hotspot\share\prims\jni.cpp, line 520]
Event: 25052.551 Thread 0x000002dffa135c70 Exception <a 'sun/nio/fs/WindowsException'{0x00000000d568fd40}> (0x00000000d568fd40) 
thrown [s\src\hotspot\share\prims\jni.cpp, line 520]
Event: 25190.392 Thread 0x000002dff96bb380 Exception <a 'java/lang/ArrayIndexOutOfBoundsException'{0x00000000d5705298}> (0x00000000d5705298) 
thrown [s\src\hotspot\share\runtime\sharedRuntime.cpp, line 625]
Event: 25352.305 Thread 0x000002dff96bba10 Exception <a 'sun/nio/fs/WindowsException'{0x00000000d5651808}> (0x00000000d5651808) 
thrown [s\src\hotspot\share\prims\jni.cpp, line 520]
Event: 25352.306 Thread 0x000002dff96bba10 Exception <a 'sun/nio/fs/WindowsException'{0x00000000d56520d0}> (0x00000000d56520d0) 
thrown [s\src\hotspot\share\prims\jni.cpp, line 520]
Event: 25352.307 Thread 0x000002dff96bba10 Exception <a 'sun/nio/fs/WindowsException'{0x00000000d5654078}> (0x00000000d5654078) 
thrown [s\src\hotspot\share\prims\jni.cpp, line 520]
Event: 25352.307 Thread 0x000002dff96bba10 Exception <a 'sun/nio/fs/WindowsException'{0x00000000d5654940}> (0x00000000d5654940) 
thrown [s\src\hotspot\share\prims\jni.cpp, line 520]

ZGC Phase Switch (0 events):
No events

VM Operations (20 events):
Event: 25196.559 Executing VM operation: ParallelGCFailedAllocation (Allocation Failure)
Event: 25196.560 Executing VM operation: ParallelGCFailedAllocation (Allocation Failure) done
Event: 25196.567 Executing VM operation: ParallelGCFailedAllocation (Allocation Failure)
Event: 25196.569 Executing VM operation: ParallelGCFailedAllocation (Allocation Failure) done
Event: 25196.577 Executing VM operation: ParallelGCFailedAllocation (Allocation Failure)
Event: 25196.578 Executing VM operation: ParallelGCFailedAllocation (Allocation Failure) done
Event: 25352.517 Executing VM operation: ParallelGCFailedAllocation (Allocation Failure)
Event: 25352.521 Executing VM operation: ParallelGCFailedAllocation (Allocation Failure) done
Event: 25374.615 Executing VM operation: HandshakeAllThreads (HandshakeForDeflation)
Event: 25374.616 Executing VM operation: HandshakeAllThreads (HandshakeForDeflation) done
Event: 25374.616 Executing VM operation: RendezvousGCThreads
Event: 25374.616 Executing VM operation: RendezvousGCThreads done
Event: 26096.369 Executing VM operation: HandshakeAllThreads (HandshakeForDeflation)
Event: 26096.369 Executing VM operation: HandshakeAllThreads (HandshakeForDeflation) done
Event: 26096.369 Executing VM operation: RendezvousGCThreads
Event: 26096.369 Executing VM operation: RendezvousGCThreads done
Event: 26457.397 Executing VM operation: HandshakeAllThreads (HandshakeForDeflation)
Event: 26457.397 Executing VM operation: HandshakeAllThreads (HandshakeForDeflation) done
Event: 26457.397 Executing VM operation: RendezvousGCThreads
Event: 26457.397 Executing VM operation: RendezvousGCThreads done

Memory protections (0 events):
No events

Nmethod flushes (20 events):
Event: 14059.243 Thread 0x000002dfdc498e00 flushing  nmethod 0x000002dfe23f5a10
Event: 14059.243 Thread 0x000002dfdc498e00 flushing  nmethod 0x000002dfe23f5e10
Event: 14059.243 Thread 0x000002dfdc498e00 flushing  nmethod 0x000002dfe23f6b90
Event: 14059.243 Thread 0x000002dfdc498e00 flushing  nmethod 0x000002dfe23fbb10
Event: 14059.243 Thread 0x000002dfdc498e00 flushing  nmethod 0x000002dfe23fcf90
Event: 14059.243 Thread 0x000002dfdc498e00 flushing  nmethod 0x000002dfe23ff310
Event: 14059.243 Thread 0x000002dfdc498e00 flushing  nmethod 0x000002dfe2400510
Event: 14059.243 Thread 0x000002dfdc498e00 flushing  nmethod 0x000002dfe2403110
Event: 14059.243 Thread 0x000002dfdc498e00 flushing  nmethod 0x000002dfe240f190
Event: 14059.243 Thread 0x000002dfdc498e00 flushing  nmethod 0x000002dfe2412c90
Event: 14059.243 Thread 0x000002dfdc498e00 flushing  nmethod 0x000002dfe243cd10
Event: 14059.243 Thread 0x000002dfdc498e00 flushing  nmethod 0x000002dfe2446490
Event: 14059.243 Thread 0x000002dfdc498e00 flushing  nmethod 0x000002dfe245a910
Event: 14059.243 Thread 0x000002dfdc498e00 flushing  nmethod 0x000002dfe245b890
Event: 14059.243 Thread 0x000002dfdc498e00 flushing  nmethod 0x000002dfe247a490
Event: 14059.243 Thread 0x000002dfdc498e00 flushing  nmethod 0x000002dfe24c0890
Event: 14059.243 Thread 0x000002dfdc498e00 flushing  nmethod 0x000002dfe24c3990
Event: 14059.243 Thread 0x000002dfdc498e00 flushing  nmethod 0x000002dfe24e2a90
Event: 14059.243 Thread 0x000002dfdc498e00 flushing  nmethod 0x000002dfe24f1910
Event: 14059.243 Thread 0x000002dfdc498e00 flushing  nmethod 0x000002dfe2500c90

Events (20 events):
Event: 25015.316 Thread 0x000002dff96b8c20 Thread exited: 0x000002dff96b8c20
Event: 25052.043 Thread 0x000002dff96bba10 Thread added: 0x000002dff96b8590
Event: 25073.728 Thread 0x000002dff96bba10 Thread added: 0x000002dff96bc0a0
Event: 25110.572 Thread 0x000002dff96b57a0 Thread exited: 0x000002dff96b57a0
Event: 25160.627 Thread 0x000002dff96bc0a0 Thread exited: 0x000002dff96bc0a0
Event: 25160.642 Thread 0x000002dff96b7870 Thread exited: 0x000002dff96b7870
Event: 25170.579 Thread 0x000002dff96b7f00 Thread exited: 0x000002dff96b7f00
Event: 25256.591 Thread 0x000002dff96bb380 Thread exited: 0x000002dff96bb380
Event: 25316.606 Thread 0x000002dff96b6b50 Thread exited: 0x000002dff96b6b50
Event: 25352.300 Thread 0x000002dff96bba10 Thread added: 0x000002dff96b6b50
Event: 25352.301 Thread 0x000002dff96b6b50 Thread exited: 0x000002dff96b6b50
Event: 25352.308 Thread 0x000002dff96bba10 Thread added: 0x000002dff96b8c20
Event: 25352.308 Thread 0x000002dff96b8c20 Thread added: 0x000002dff96b57a0
Event: 25352.308 Thread 0x000002dff96b8c20 Thread added: 0x000002dff96b6b50
Event: 25352.309 Thread 0x000002dff96b6b50 Thread exited: 0x000002dff96b6b50
Event: 25352.309 Thread 0x000002dff96b57a0 Thread exited: 0x000002dff96b57a0
Event: 25352.309 Thread 0x000002dff96b8c20 Thread exited: 0x000002dff96b8c20
Event: 25376.621 Thread 0x000002dff96b5e30 Thread exited: 0x000002dff96b5e30
Event: 26653.622 Thread 0x000002dffb1bfd50 Thread added: 0x000002dff96b7870
Event: 26713.630 Thread 0x000002dff96b7870 Thread exited: 0x000002dff96b7870


Dynamic libraries:
0x00007ff69c7b0000 - 0x00007ff69c7be000 	c:\Users\User\.vscode\extensions\redhat.java-1.46.0-win32-x64\jre\21.0.8-win32-x86_64\bin\java.exe
0x00007ffb0da40000 - 0x00007ffb0dca8000 	C:\WINDOWS\SYSTEM32\ntdll.dll
0x00007ffb0c4c0000 - 0x00007ffb0c589000 	C:\WINDOWS\System32\KERNEL32.DLL
0x00007ffb0b000000 - 0x00007ffb0b3f2000 	C:\WINDOWS\System32\KERNELBASE.dll
0x00007ffb0b400000 - 0x00007ffb0b54b000 	C:\WINDOWS\System32\ucrtbase.dll
0x00007ffad5470000 - 0x00007ffad5488000 	c:\Users\User\.vscode\extensions\redhat.java-1.46.0-win32-x64\jre\21.0.8-win32-x86_64\bin\jli.dll
0x00007ffb0d7e0000 - 0x00007ffb0d9a5000 	C:\WINDOWS\System32\USER32.dll
0x00007ffb0adc0000 - 0x00007ffb0ade7000 	C:\WINDOWS\System32\win32u.dll
0x00007ffb0cfa0000 - 0x00007ffb0cfcb000 	C:\WINDOWS\System32\GDI32.dll
0x00007ffad4ee0000 - 0x00007ffad4efe000 	c:\Users\User\.vscode\extensions\redhat.java-1.46.0-win32-x64\jre\21.0.8-win32-x86_64\bin\VCRUNTIME140.dll
0x00007ffb0abd0000 - 0x00007ffb0acfd000 	C:\WINDOWS\System32\gdi32full.dll
0x00007ffb0b760000 - 0x00007ffb0b803000 	C:\WINDOWS\System32\msvcp_win.dll
0x00007ffaeebf0000 - 0x00007ffaeee83000 	C:\WINDOWS\WinSxS\amd64_microsoft.windows.common-controls_6595b64144ccf1df_6.0.26100.6899_none_3e0efeeae32e88c1\COMCTL32.dll
0x00007ffb0c1b0000 - 0x00007ffb0c259000 	C:\WINDOWS\System32\msvcrt.dll
0x00007ffb0c290000 - 0x00007ffb0c2bf000 	C:\WINDOWS\System32\IMM32.DLL
0x00000000741a0000 - 0x00000000741ac000 	C:\Program Files (x86)\360\Total Security\safemon\SafeWrapper.dll
0x00007ffb0cfe0000 - 0x00007ffb0d094000 	C:\WINDOWS\System32\ADVAPI32.dll
0x00007ffb0c100000 - 0x00007ffb0c1a6000 	C:\WINDOWS\System32\sechost.dll
0x00007ffb0cdc0000 - 0x00007ffb0ced8000 	C:\WINDOWS\System32\RPCRT4.dll
0x00007ffa79520000 - 0x00007ffa795cc000 	C:\Program Files (x86)\360\Total Security\safemon\libzdtp64.dll
0x00007ffb0c670000 - 0x00007ffb0cdbd000 	C:\WINDOWS\System32\SHELL32.dll
0x00007ffb0b5f0000 - 0x00007ffb0b75b000 	C:\WINDOWS\System32\wintypes.dll
0x00007ffb0bd80000 - 0x00007ffb0c0fb000 	C:\WINDOWS\System32\combase.dll
0x00007ffb0bb70000 - 0x00007ffb0bbd2000 	C:\WINDOWS\System32\SHLWAPI.dll
0x00007ffb0a4c0000 - 0x00007ffb0a4cb000 	C:\WINDOWS\SYSTEM32\VERSION.dll
0x00007ffaf5250000 - 0x00007ffaf525c000 	c:\Users\User\.vscode\extensions\redhat.java-1.46.0-win32-x64\jre\21.0.8-win32-x86_64\bin\vcruntime140_1.dll
0x00007ffac19c0000 - 0x00007ffac1a4d000 	c:\Users\User\.vscode\extensions\redhat.java-1.46.0-win32-x64\jre\21.0.8-win32-x86_64\bin\msvcp140.dll
0x00007ffa9af10000 - 0x00007ffa9bca7000 	c:\Users\User\.vscode\extensions\redhat.java-1.46.0-win32-x64\jre\21.0.8-win32-x86_64\bin\server\jvm.dll
0x00007ffb0bc80000 - 0x00007ffb0bcf4000 	C:\WINDOWS\System32\WS2_32.dll
0x00007ffb0aa30000 - 0x00007ffb0aa8e000 	C:\WINDOWS\SYSTEM32\POWRPROF.dll
0x00007ffaff790000 - 0x00007ffaff7c5000 	C:\WINDOWS\SYSTEM32\WINMM.dll
0x00007ffb0aa10000 - 0x00007ffb0aa24000 	C:\WINDOWS\SYSTEM32\UMPDC.dll
0x00007ffb09930000 - 0x00007ffb0994b000 	C:\WINDOWS\SYSTEM32\kernel.appcore.dll
0x00007ffaef360000 - 0x00007ffaef36a000 	c:\Users\User\.vscode\extensions\redhat.java-1.46.0-win32-x64\jre\21.0.8-win32-x86_64\bin\jimage.dll
0x00007ffb07bd0000 - 0x00007ffb07e12000 	C:\WINDOWS\SYSTEM32\DBGHELP.DLL
0x00007ffb0c590000 - 0x00007ffb0c667000 	C:\WINDOWS\System32\OLEAUT32.dll
0x00007ffaecb00000 - 0x00007ffaecb3c000 	C:\WINDOWS\SYSTEM32\dbgcore.DLL
0x00007ffb0b550000 - 0x00007ffb0b5e8000 	C:\WINDOWS\System32\bcryptPrimitives.dll
0x00007ffaec950000 - 0x00007ffaec95f000 	c:\Users\User\.vscode\extensions\redhat.java-1.46.0-win32-x64\jre\21.0.8-win32-x86_64\bin\instrument.dll
0x00007ffacf250000 - 0x00007ffacf26f000 	c:\Users\User\.vscode\extensions\redhat.java-1.46.0-win32-x64\jre\21.0.8-win32-x86_64\bin\java.dll
0x00007ffb08780000 - 0x00007ffb08fdd000 	C:\WINDOWS\SYSTEM32\windows.storage.dll
0x00007ffb0b9d0000 - 0x00007ffb0bac2000 	C:\WINDOWS\System32\SHCORE.dll
0x00007ffb0aaf0000 - 0x00007ffb0ab19000 	C:\WINDOWS\SYSTEM32\profapi.dll
0x00007ffacb550000 - 0x00007ffacb568000 	c:\Users\User\.vscode\extensions\redhat.java-1.46.0-win32-x64\jre\21.0.8-win32-x86_64\bin\zip.dll
0x00007ffae9850000 - 0x00007ffae9860000 	C:\Users\User\.vscode\extensions\redhat.java-1.46.0-win32-x64\jre\21.0.8-win32-x86_64\bin\net.dll
0x00007ffb02f80000 - 0x00007ffb0309f000 	C:\WINDOWS\SYSTEM32\WINHTTP.dll
0x00007ffb09ea0000 - 0x00007ffb09f0b000 	C:\WINDOWS\system32\mswsock.dll
0x00007ffacbbf0000 - 0x00007ffacbc06000 	C:\Users\User\.vscode\extensions\redhat.java-1.46.0-win32-x64\jre\21.0.8-win32-x86_64\bin\nio.dll
0x00007ffae7fc0000 - 0x00007ffae7fd0000 	c:\Users\User\.vscode\extensions\redhat.java-1.46.0-win32-x64\jre\21.0.8-win32-x86_64\bin\verify.dll
0x00007ffac4140000 - 0x00007ffac4184000 	C:\Users\User\AppData\Roaming\Code\User\globalStorage\redhat.java\1.46.0\config_win\org.eclipse.equinox.launcher\org.eclipse.equinox.launcher.win32.win32.x86_64_1.2.1400.v20250801-0854\eclipse_11916.dll
0x00007ffb0d1a0000 - 0x00007ffb0d338000 	C:\WINDOWS\System32\ole32.dll
0x00007ffb0a150000 - 0x00007ffb0a16b000 	C:\WINDOWS\SYSTEM32\CRYPTSP.dll
0x00007ffb09890000 - 0x00007ffb098cb000 	C:\WINDOWS\system32\rsaenh.dll
0x00007ffb09f40000 - 0x00007ffb09f6b000 	C:\WINDOWS\SYSTEM32\USERENV.dll
0x00007ffb0aac0000 - 0x00007ffb0aae6000 	C:\WINDOWS\SYSTEM32\bcrypt.dll
0x00007ffb0a170000 - 0x00007ffb0a17c000 	C:\WINDOWS\SYSTEM32\CRYPTBASE.dll
0x00007ffb09300000 - 0x00007ffb09334000 	C:\WINDOWS\SYSTEM32\IPHLPAPI.DLL
0x00007ffb0c2d0000 - 0x00007ffb0c2da000 	C:\WINDOWS\System32\NSI.dll
0x00007ffabf970000 - 0x00007ffabf9b9000 	C:\Users\User\AppData\Local\Temp\jna-2645995\jna12741557981145239373.dll
0x00007ffb0cfd0000 - 0x00007ffb0cfd8000 	C:\WINDOWS\System32\PSAPI.DLL
0x00007ffb03660000 - 0x00007ffb0367e000 	C:\WINDOWS\SYSTEM32\dhcpcsvc6.DLL
0x00007ffb03590000 - 0x00007ffb035b3000 	C:\WINDOWS\SYSTEM32\dhcpcsvc.DLL

JVMTI agents:
c:\Users\User\.vscode\extensions\redhat.java-1.46.0-win32-x64\lombok\lombok-1.18.39-4050.jar path:c:\Users\User\.vscode\extensions\redhat.java-1.46.0-win32-x64\jre\21.0.8-win32-x86_64\bin\instrument.dll, loaded, initialized, instrumentlib options:none

dbghelp: loaded successfully - version: 4.0.5 - missing functions: none
symbol engine: initialized successfully - sym options: 0x614 - pdb path: .;c:\Users\User\.vscode\extensions\redhat.java-1.46.0-win32-x64\jre\21.0.8-win32-x86_64\bin;C:\WINDOWS\SYSTEM32;C:\WINDOWS\WinSxS\amd64_microsoft.windows.common-controls_6595b64144ccf1df_6.0.26100.6899_none_3e0efeeae32e88c1;C:\Program Files (x86)\360\Total Security\safemon;c:\Users\User\.vscode\extensions\redhat.java-1.46.0-win32-x64\jre\21.0.8-win32-x86_64\bin\server;C:\Users\User\AppData\Roaming\Code\User\globalStorage\redhat.java\1.46.0\config_win\org.eclipse.equinox.launcher\org.eclipse.equinox.launcher.win32.win32.x86_64_1.2.1400.v20250801-0854;C:\Users\User\AppData\Local\Temp\jna-2645995

VM Arguments:
jvm_args: --add-modules=ALL-SYSTEM --add-opens=java.base/java.util=ALL-UNNAMED --add-opens=java.base/java.lang=ALL-UNNAMED --add-opens=java.base/sun.nio.fs=ALL-UNNAMED -Declipse.application=org.eclipse.jdt.ls.core.id1 -Dosgi.bundles.defaultStartLevel=4 -Declipse.product=org.eclipse.jdt.ls.core.product -Djava.import.generatesMetadataFilesAtProjectRoot=false -DDetectVMInstallationsJob.disabled=true -Dfile.encoding=utf8 -XX:+UseParallelGC -XX:GCTimeRatio=4 -XX:AdaptiveSizePolicyWeight=90 -Dsun.zip.disableMemoryMapping=true -Xmx2G -Xms100m -Xlog:disable -javaagent:c:\Users\User\.vscode\extensions\redhat.java-1.46.0-win32-x64\lombok\lombok-1.18.39-4050.jar -XX:+HeapDumpOnOutOfMemoryError -XX:HeapDumpPath=c:\Users\User\AppData\Roaming\Code\User\workspaceStorage\fc338623b24cce15f90670b41f9de50b\redhat.java -Daether.dependencyCollector.impl=bf 
java_command: c:\Users\User\.vscode\extensions\redhat.java-1.46.0-win32-x64\server\plugins\org.eclipse.equinox.launcher_1.7.0.v20250519-0528.jar -configuration c:\Users\User\AppData\Roaming\Code\User\globalStorage\redhat.java\1.46.0\config_win -data c:\Users\User\AppData\Roaming\Code\User\workspaceStorage\fc338623b24cce15f90670b41f9de50b\redhat.java\jdt_ws --pipe=\\.\pipe\lsp-a8e3a328ddc99b67e01a20a6ee4360e0-sock
java_class_path (initial): c:\Users\User\.vscode\extensions\redhat.java-1.46.0-win32-x64\server\plugins\org.eclipse.equinox.launcher_1.7.0.v20250519-0528.jar
Launcher Type: SUN_STANDARD

[Global flags]
    uintx AdaptiveSizePolicyWeight                 = 90                                        {product} {command line}
     intx CICompilerCount                          = 4                                         {product} {ergonomic}
    uintx GCTimeRatio                              = 4                                         {product} {command line}
     bool HeapDumpOnOutOfMemoryError               = true                                   {manageable} {command line}
    ccstr HeapDumpPath                             = c:\Users\User\AppData\Roaming\Code\User\workspaceStorage\fc338623b24cce15f90670b41f9de50b\redhat.java         {manageable} {command line}
   size_t InitialHeapSize                          = 104857600                                 {product} {command line}
   size_t MaxHeapSize                              = 2147483648                                {product} {command line}
   size_t MaxNewSize                               = 715653120                                 {product} {ergonomic}
   size_t MinHeapDeltaBytes                        = 524288                                    {product} {ergonomic}
   size_t MinHeapSize                              = 104857600                                 {product} {command line}
   size_t NewSize                                  = 34603008                                  {product} {ergonomic}
    uintx NonNMethodCodeHeapSize                   = 5839372                                {pd product} {ergonomic}
    uintx NonProfiledCodeHeapSize                  = 122909434                              {pd product} {ergonomic}
   size_t OldSize                                  = 70254592                                  {product} {ergonomic}
    uintx ProfiledCodeHeapSize                     = 122909434                              {pd product} {ergonomic}
    uintx ReservedCodeCacheSize                    = 251658240                              {pd product} {ergonomic}
     bool SegmentedCodeCache                       = true                                      {product} {ergonomic}
   size_t SoftMaxHeapSize                          = 2147483648                             {manageable} {ergonomic}
     bool UseCompressedOops                        = true                           {product lp64_product} {ergonomic}
     bool UseLargePagesIndividualAllocation        = false                                  {pd product} {ergonomic}
     bool UseParallelGC                            = true                                      {product} {command line}

Logging:
Log output configuration:
 #0: stdout all=off uptime,level,tags foldmultilines=false
 #1: stderr all=off uptime,level,tags foldmultilines=false

Environment Variables:
JAVA_HOME=C:\Program Files\Java\jdk-21
CLASSPATH=D:\University Academic Materials\OOP\LoginApp\lib\mysql-connector.jar;.;
PATH=C:\Program Files\Common Files\Oracle\Java\javapath;C:\Program Files\Eclipse Foundation\jdk-8.0.302.8-hotspot\bin;C:\Program Files (x86)\Common Files\Oracle\Java\java8path;C:\Program Files (x86)\Common Files\Oracle\Java\javapath;C:\Program Files (x86)\Common Files\Intel\Shared Libraries\redist\intel64\compiler;C:\Windows\system32;C:\Windows;C:\Windows\System32\Wbem;C:\Windows\System32\WindowsPowerShell\v1.0\;C:\Windows\System32\OpenSSH\;C:\Program Files (x86)\NVIDIA Corporation\PhysX\Common;C:\WINDOWS\system32;C:\WINDOWS;C:\WINDOWS\System32\Wbem;C:\WINDOWS\System32\WindowsPowerShell\v1.0\;C:\WINDOWS\System32\OpenSSH\;C:\Program Files (x86)\QuickTime\QTSystem\;C:\Program Files\Git\cmd;C:\Program Files\dotnet\;C:\Program Files\Java\jdk1.8.0_301;C:\Program Files\Ballerina\\bin;C:\Program Files\Ballerina\bin;C:\Program Files\php-8.4.1;C:\ProgramData\ComposerSetup\bin;C:\Program Files (x86)\Microsoft SQL Server\160\Tools\Binn\;C:\Program Files\Microsoft SQL Server\160\Tools\Binn\;C:\Program Files\Microsoft SQL Server\Client SDK\ODBC\170\Tools\Binn\;C:\Program Files\Microsoft SQL Server\160\DTS\Binn\;C:\Program Files (x86)\Microsoft SQL Server\160\DTS\Binn\;C:\Program Files\PostgreSQL\17\bin;C:\Program Files\Java\jdk-21\bin;C:\Program Files\maven-mvnd-1.0.2-windows-amd64\bin;C:\Program Files\nodejs\;C:\Program Files\Graphviz\bin;C:\Program Files\RabbitMQ Server\rabbitmq_server-4.1.4\sbin;;C:\Program Files\Docker\Docker\resources\bin;C:\Users\User\AppData\Local\Programs\Python\Python313\Scripts\;C:\Users\User\AppData\Local\Programs\Python\Python313\;C:\Users\User\AppData\Local\pnpm;C:\Users\User\.config\herd-lite\bin;C:\Program Files\MySQL\MySQL Shell 8.0\bin\;C:\Users\User\AppData\Local\Programs\Python\Python310\Scripts\;C:\Users\User\AppData\Local\Programs\Python\Python310\;C:\Users\User\AppData\Local\Microsoft\WindowsApps;C:\src\flutter\bin;C:\Users\User\AppData\Local\Programs\Microsoft VS Code\bin;C:\Users\User\.dotnet\tools;C:\Program Files\CodeBlocks\MinGW\bin;C:\Users\User\AppData\Local\GitHubDesktop\bin;C:\Program Files\Java\jdk1.8.0_301;C:\Users\User\AppData\Local\Android\Sdk\platform-tools;C:\Users\User\AppData\Local\Android\Sdk\tools;C:\Users\User\AppData\Roaming\Composer\vendor\bin;C:\Users\User\AppData\Local\Microsoft\WindowsApps;C:\Program Files\Java\jdk-21\bin;C:\Program Files\maven-mvnd-1.0.2-windows-amd64\bin;C:\Users\User\AppData\Local\Programs\Windsurf\bin;C:\Users\User\AppData\Roaming\npm
USERNAME=User
OS=Windows_NT
PROCESSOR_IDENTIFIER=Intel64 Family 6 Model 140 Stepping 1, GenuineIntel
TMP=C:\Users\User\AppData\Local\Temp
TEMP=C:\Users\User\AppData\Local\Temp




Periodic native trim disabled

---------------  S Y S T E M  ---------------

OS:
 Windows 11 , 64 bit Build 26100 (10.0.26100.6725)
OS uptime: 0 days 15:18 hours
Hyper-V role detected

CPU: total 8 (initial active 8) (4 cores per cpu, 2 threads per core) family 6 model 140 stepping 1 microcode 0xbc, cx8, cmov, fxsr, ht, mmx, 3dnowpref, sse, sse2, sse3, ssse3, sse4.1, sse4.2, popcnt, lzcnt, tsc, tscinvbit, avx, avx2, aes, erms, clmul, bmi1, bmi2, adx, avx512f, avx512dq, avx512cd, avx512bw, avx512vl, sha, fma, vzeroupper, avx512_vpopcntdq, avx512_vpclmulqdq, avx512_vaes, avx512_vnni, clflush, clflushopt, clwb, avx512_vbmi2, avx512_vbmi, hv, rdtscp, rdpid, fsrm, gfni, avx512_bitalg, f16c, cet_ibt, cet_ss, avx512_ifma
Processor Information for the first 8 processors :
  Max Mhz: 2803, Current Mhz: 2803, Mhz Limit: 2803

Memory: 4k page, system-wide physical 16106M (690M free)
TotalPageFile size 27209M (AvailPageFile size 75M)
current process WorkingSet (physical memory assigned to process): 581M, peak: 1695M
current process commit charge ("private bytes"): 1290M, peak: 1781M

vm_info: OpenJDK 64-Bit Server VM (21.0.8+9-LTS) for windows-amd64 JRE (21.0.8+9-LTS), built on 2025-07-15T00:00:00Z by "admin" with MS VC++ 17.7 (VS2022)

END.
